[2026-05-06 19:18:07.449] [jointLog] [info] setting maxHashResizeThreads to 4
[2026-05-06 19:18:07.449] [jointLog] [info] Fragment incompatibility prior below threshold.  Incompatible fragments will be ignored.
[2026-05-06 19:18:07.449] [jointLog] [info] Usage of --validateMappings implies use of minScoreFraction. Since not explicitly specified, it is being set to 0.65
[2026-05-06 19:18:07.449] [jointLog] [info] Setting consensusSlack to selective-alignment default of 0.35.
[2026-05-06 19:18:07.449] [jointLog] [info] parsing read library format
[2026-05-06 19:18:07.451] [jointLog] [info] There is 1 library.
[2026-05-06 19:18:07.455] [jointLog] [info] Loading pufferfish index
[2026-05-06 19:18:07.462] [jointLog] [info] Loading dense pufferfish index.
[2026-05-06 19:18:11.931] [jointLog] [info] done
[2026-05-06 19:18:12.204] [jointLog] [info] Index contained 251955 targets
[2026-05-06 19:18:12.379] [jointLog] [info] Number of decoys : 0
[2026-05-06 19:18:12.948] [jointLog] [info] Automatically detected most likely library type as ISR

[2026-05-06 19:32:36.770] [jointLog] [info] Thread saw mini-batch with a maximum of 99.76% zero probability fragments
[2026-05-06 19:32:36.801] [jointLog] [info] Thread saw mini-batch with a maximum of 23.96% zero probability fragments
[2026-05-06 19:32:36.803] [jointLog] [info] Thread saw mini-batch with a maximum of 99.70% zero probability fragments
[2026-05-06 19:32:36.844] [jointLog] [info] Thread saw mini-batch with a maximum of 99.76% zero probability fragments
[2026-05-06 19:32:38.651] [fileLog] [info] 
At end of round 0
==================
Observed 36385162 total fragments (36385162 in most recent round)

[2026-05-06 19:32:38.650] [jointLog] [info] Computed 792496 rich equivalence classes for further processing
[2026-05-06 19:32:38.651] [jointLog] [info] Counted 33031003 total reads in the equivalence classes 
[2026-05-06 19:32:38.655] [jointLog] [info] Number of mappings discarded because of alignment score : 17563704
[2026-05-06 19:32:38.655] [jointLog] [info] Number of fragments entirely discarded because of alignment score : 1332671
[2026-05-06 19:32:38.655] [jointLog] [info] Number of fragments discarded because they are best-mapped to decoys : 0
[2026-05-06 19:32:38.655] [jointLog] [info] Number of fragments discarded because they have only dovetail (discordant) mappings to valid targets : 78442
[2026-05-06 19:32:38.655] [jointLog] [info] Mapping rate = 90.7815%

[2026-05-06 19:32:38.655] [jointLog] [info] finished quantifyLibrary()
[2026-05-06 19:32:38.663] [jointLog] [info] Starting optimizer
[2026-05-06 19:32:39.383] [jointLog] [info] Marked 0 weighted equivalence classes as degenerate
[2026-05-06 19:32:39.461] [jointLog] [info] iteration = 0 | max rel diff. = 4395.02
[2026-05-06 19:32:52.834] [jointLog] [info] iteration = 100 | max rel diff. = 17.4298
[2026-05-06 19:33:04.716] [jointLog] [info] iteration = 200 | max rel diff. = 9.46734
[2026-05-06 19:33:16.035] [jointLog] [info] iteration = 300 | max rel diff. = 3.80022
[2026-05-06 19:33:30.337] [jointLog] [info] iteration = 400 | max rel diff. = 1.74691
[2026-05-06 19:33:47.528] [jointLog] [info] iteration = 500 | max rel diff. = 3.1034
[2026-05-06 19:34:01.833] [jointLog] [info] iteration = 600 | max rel diff. = 13.1025
[2026-05-06 19:34:15.333] [jointLog] [info] iteration = 700 | max rel diff. = 0.0907743
[2026-05-06 19:34:36.012] [jointLog] [info] iteration = 800 | max rel diff. = 0.817352
[2026-05-06 19:34:54.129] [jointLog] [info] iteration = 900 | max rel diff. = 0.982213
[2026-05-06 19:35:16.111] [jointLog] [info] iteration = 1000 | max rel diff. = 0.106457
[2026-05-06 19:35:32.164] [jointLog] [info] iteration = 1100 | max rel diff. = 0.47228
[2026-05-06 19:35:48.736] [jointLog] [info] iteration = 1200 | max rel diff. = 0.0900435
[2026-05-06 19:36:10.609] [jointLog] [info] iteration = 1300 | max rel diff. = 0.0134954
[2026-05-06 19:36:22.330] [jointLog] [info] iteration = 1363 | max rel diff. = 0.0095722
[2026-05-06 19:36:22.347] [jointLog] [info] Finished optimizer
[2026-05-06 19:36:22.347] [jointLog] [info] writing output 

