[2026-05-07 00:56:51.807] [jointLog] [info] setting maxHashResizeThreads to 4
[2026-05-07 00:56:51.807] [jointLog] [info] Fragment incompatibility prior below threshold.  Incompatible fragments will be ignored.
[2026-05-07 00:56:51.807] [jointLog] [info] Usage of --validateMappings implies use of minScoreFraction. Since not explicitly specified, it is being set to 0.65
[2026-05-07 00:56:51.807] [jointLog] [info] Setting consensusSlack to selective-alignment default of 0.35.
[2026-05-07 00:56:51.807] [jointLog] [info] parsing read library format
[2026-05-07 00:56:51.808] [jointLog] [info] There is 1 library.
[2026-05-07 00:56:51.809] [jointLog] [info] Loading pufferfish index
[2026-05-07 00:56:51.811] [jointLog] [info] Loading dense pufferfish index.
[2026-05-07 00:56:56.367] [jointLog] [info] done
[2026-05-07 00:56:56.543] [jointLog] [info] Index contained 251955 targets
[2026-05-07 00:56:56.823] [jointLog] [info] Number of decoys : 0
[2026-05-07 00:56:57.430] [jointLog] [info] Automatically detected most likely library type as ISR

[2026-05-07 01:09:27.540] [jointLog] [info] Thread saw mini-batch with a maximum of 99.80% zero probability fragments
[2026-05-07 01:09:27.547] [jointLog] [info] Thread saw mini-batch with a maximum of 99.96% zero probability fragments
[2026-05-07 01:09:27.550] [jointLog] [info] Thread saw mini-batch with a maximum of 99.50% zero probability fragments
[2026-05-07 01:09:27.628] [jointLog] [info] Thread saw mini-batch with a maximum of 99.96% zero probability fragments
[2026-05-07 01:09:33.419] [fileLog] [info] 
At end of round 0
==================
Observed 35397433 total fragments (35397433 in most recent round)

[2026-05-07 01:09:33.418] [jointLog] [info] Computed 740156 rich equivalence classes for further processing
[2026-05-07 01:09:33.418] [jointLog] [info] Counted 33139145 total reads in the equivalence classes 
[2026-05-07 01:09:33.432] [jointLog] [info] Number of mappings discarded because of alignment score : 17486971
[2026-05-07 01:09:33.432] [jointLog] [info] Number of fragments entirely discarded because of alignment score : 630473
[2026-05-07 01:09:33.432] [jointLog] [info] Number of fragments discarded because they are best-mapped to decoys : 0
[2026-05-07 01:09:33.432] [jointLog] [info] Number of fragments discarded because they have only dovetail (discordant) mappings to valid targets : 81973
[2026-05-07 01:09:33.432] [jointLog] [info] Mapping rate = 93.6202%

[2026-05-07 01:09:33.432] [jointLog] [info] finished quantifyLibrary()
[2026-05-07 01:09:33.438] [jointLog] [info] Starting optimizer
[2026-05-07 01:09:33.982] [jointLog] [info] Marked 0 weighted equivalence classes as degenerate
[2026-05-07 01:09:34.044] [jointLog] [info] iteration = 0 | max rel diff. = 4435.93
[2026-05-07 01:09:42.328] [jointLog] [info] iteration = 100 | max rel diff. = 13.4957
[2026-05-07 01:09:54.143] [jointLog] [info] iteration = 200 | max rel diff. = 20.9862
[2026-05-07 01:10:03.663] [jointLog] [info] iteration = 300 | max rel diff. = 6.98309
[2026-05-07 01:10:11.631] [jointLog] [info] iteration = 400 | max rel diff. = 10.3637
[2026-05-07 01:10:19.262] [jointLog] [info] iteration = 500 | max rel diff. = 1.24314
[2026-05-07 01:10:27.555] [jointLog] [info] iteration = 600 | max rel diff. = 0.255209
[2026-05-07 01:10:38.768] [jointLog] [info] iteration = 700 | max rel diff. = 0.80452
[2026-05-07 01:10:47.577] [jointLog] [info] iteration = 800 | max rel diff. = 1.94249
[2026-05-07 01:10:58.082] [jointLog] [info] iteration = 900 | max rel diff. = 0.493718
[2026-05-07 01:11:10.611] [jointLog] [info] iteration = 1000 | max rel diff. = 5.99344
[2026-05-07 01:11:19.983] [jointLog] [info] iteration = 1100 | max rel diff. = 1.20565
[2026-05-07 01:11:29.925] [jointLog] [info] iteration = 1200 | max rel diff. = 0.508543
[2026-05-07 01:11:37.663] [jointLog] [info] iteration = 1300 | max rel diff. = 0.119616
[2026-05-07 01:11:44.657] [jointLog] [info] iteration = 1368 | max rel diff. = 0.00823025
[2026-05-07 01:11:44.674] [jointLog] [info] Finished optimizer
[2026-05-07 01:11:44.674] [jointLog] [info] writing output 

