[2026-05-06 23:49:08.126] [jointLog] [info] setting maxHashResizeThreads to 4
[2026-05-06 23:49:08.126] [jointLog] [info] Fragment incompatibility prior below threshold.  Incompatible fragments will be ignored.
[2026-05-06 23:49:08.126] [jointLog] [info] Usage of --validateMappings implies use of minScoreFraction. Since not explicitly specified, it is being set to 0.65
[2026-05-06 23:49:08.126] [jointLog] [info] Setting consensusSlack to selective-alignment default of 0.35.
[2026-05-06 23:49:08.126] [jointLog] [info] parsing read library format
[2026-05-06 23:49:08.127] [jointLog] [info] There is 1 library.
[2026-05-06 23:49:08.131] [jointLog] [info] Loading pufferfish index
[2026-05-06 23:49:08.132] [jointLog] [info] Loading dense pufferfish index.
[2026-05-06 23:49:11.098] [jointLog] [info] done
[2026-05-06 23:49:11.252] [jointLog] [info] Index contained 251955 targets
[2026-05-06 23:49:11.391] [jointLog] [info] Number of decoys : 0
[2026-05-06 23:49:11.792] [jointLog] [info] Automatically detected most likely library type as ISR

[2026-05-06 23:58:59.238] [jointLog] [info] Thread saw mini-batch with a maximum of 99.36% zero probability fragments
[2026-05-06 23:58:59.249] [jointLog] [info] Thread saw mini-batch with a maximum of 69.84% zero probability fragments
[2026-05-06 23:58:59.325] [jointLog] [info] Thread saw mini-batch with a maximum of 98.12% zero probability fragments
[2026-05-06 23:58:59.458] [jointLog] [info] Thread saw mini-batch with a maximum of 69.10% zero probability fragments
[2026-05-06 23:59:00.215] [fileLog] [info] 
At end of round 0
==================
Observed 37191300 total fragments (37191300 in most recent round)

[2026-05-06 23:59:00.214] [jointLog] [info] Computed 820169 rich equivalence classes for further processing
[2026-05-06 23:59:00.214] [jointLog] [info] Counted 34898216 total reads in the equivalence classes 
[2026-05-06 23:59:00.218] [jointLog] [info] Number of mappings discarded because of alignment score : 17356387
[2026-05-06 23:59:00.218] [jointLog] [info] Number of fragments entirely discarded because of alignment score : 658379
[2026-05-06 23:59:00.218] [jointLog] [info] Number of fragments discarded because they are best-mapped to decoys : 0
[2026-05-06 23:59:00.218] [jointLog] [info] Number of fragments discarded because they have only dovetail (discordant) mappings to valid targets : 109346
[2026-05-06 23:59:00.218] [jointLog] [info] Mapping rate = 93.8344%

[2026-05-06 23:59:00.218] [jointLog] [info] finished quantifyLibrary()
[2026-05-06 23:59:00.237] [jointLog] [info] Starting optimizer
[2026-05-06 23:59:00.824] [jointLog] [info] Marked 0 weighted equivalence classes as degenerate
[2026-05-06 23:59:00.924] [jointLog] [info] iteration = 0 | max rel diff. = 4163.63
[2026-05-06 23:59:08.334] [jointLog] [info] iteration = 100 | max rel diff. = 19.4826
[2026-05-06 23:59:16.232] [jointLog] [info] iteration = 200 | max rel diff. = 19.2949
[2026-05-06 23:59:22.481] [jointLog] [info] iteration = 300 | max rel diff. = 5.87308
[2026-05-06 23:59:29.115] [jointLog] [info] iteration = 400 | max rel diff. = 15.9865
[2026-05-06 23:59:35.454] [jointLog] [info] iteration = 500 | max rel diff. = 0.222723
[2026-05-06 23:59:42.210] [jointLog] [info] iteration = 600 | max rel diff. = 0.395888
[2026-05-06 23:59:50.162] [jointLog] [info] iteration = 700 | max rel diff. = 9.87203
[2026-05-06 23:59:56.560] [jointLog] [info] iteration = 800 | max rel diff. = 0.369693
[2026-05-07 00:00:03.201] [jointLog] [info] iteration = 900 | max rel diff. = 0.715751
[2026-05-07 00:00:10.073] [jointLog] [info] iteration = 1000 | max rel diff. = 0.462282
[2026-05-07 00:00:17.302] [jointLog] [info] iteration = 1100 | max rel diff. = 0.137593
[2026-05-07 00:00:25.615] [jointLog] [info] iteration = 1200 | max rel diff. = 0.111015
[2026-05-07 00:00:32.016] [jointLog] [info] iteration = 1300 | max rel diff. = 8.17151
[2026-05-07 00:00:38.449] [jointLog] [info] iteration = 1400 | max rel diff. = 0.117401
[2026-05-07 00:00:44.590] [jointLog] [info] iteration = 1500 | max rel diff. = 0.0212291
[2026-05-07 00:00:51.487] [jointLog] [info] iteration = 1600 | max rel diff. = 0.208124
[2026-05-07 00:00:59.570] [jointLog] [info] iteration = 1700 | max rel diff. = 0.0108096
[2026-05-07 00:01:06.142] [jointLog] [info] iteration = 1800 | max rel diff. = 0.0188417
[2026-05-07 00:01:12.481] [jointLog] [info] iteration = 1900 | max rel diff. = 0.0820572
[2026-05-07 00:01:18.775] [jointLog] [info] iteration = 2000 | max rel diff. = 0.0458493
[2026-05-07 00:01:25.537] [jointLog] [info] iteration = 2100 | max rel diff. = 0.179885
[2026-05-07 00:01:26.060] [jointLog] [info] iteration = 2108 | max rel diff. = 0.00829907
[2026-05-07 00:01:26.080] [jointLog] [info] Finished optimizer
[2026-05-07 00:01:26.080] [jointLog] [info] writing output 

