[2026-05-08 18:45:18.404] [jointLog] [info] setting maxHashResizeThreads to 4
[2026-05-08 18:45:18.404] [jointLog] [info] Fragment incompatibility prior below threshold.  Incompatible fragments will be ignored.
[2026-05-08 18:45:18.404] [jointLog] [info] Usage of --validateMappings implies use of minScoreFraction. Since not explicitly specified, it is being set to 0.65
[2026-05-08 18:45:18.404] [jointLog] [info] Setting consensusSlack to selective-alignment default of 0.35.
[2026-05-08 18:45:18.404] [jointLog] [info] parsing read library format
[2026-05-08 18:45:18.405] [jointLog] [info] There is 1 library.
[2026-05-08 18:45:18.411] [jointLog] [info] Loading pufferfish index
[2026-05-08 18:45:18.415] [jointLog] [info] Loading dense pufferfish index.
[2026-05-08 18:45:21.359] [jointLog] [info] done
[2026-05-08 18:45:21.550] [jointLog] [info] Index contained 251955 targets
[2026-05-08 18:45:21.754] [jointLog] [info] Number of decoys : 0
[2026-05-08 18:45:22.548] [jointLog] [info] Automatically detected most likely library type as ISR

[2026-05-08 18:58:46.584] [jointLog] [info] Thread saw mini-batch with a maximum of 99.90% zero probability fragments
[2026-05-08 18:58:46.611] [jointLog] [info] Thread saw mini-batch with a maximum of 99.96% zero probability fragments
[2026-05-08 18:58:46.672] [jointLog] [info] Thread saw mini-batch with a maximum of 99.96% zero probability fragments
[2026-05-08 18:58:46.844] [jointLog] [info] Thread saw mini-batch with a maximum of 99.10% zero probability fragments
[2026-05-08 18:58:49.799] [fileLog] [info] 
At end of round 0
==================
Observed 29259572 total fragments (29259572 in most recent round)

[2026-05-08 18:58:49.798] [jointLog] [info] Computed 530532 rich equivalence classes for further processing
[2026-05-08 18:58:49.798] [jointLog] [info] Counted 27488470 total reads in the equivalence classes 
[2026-05-08 18:58:49.806] [jointLog] [info] Number of mappings discarded because of alignment score : 12942968
[2026-05-08 18:58:49.806] [jointLog] [info] Number of fragments entirely discarded because of alignment score : 513773
[2026-05-08 18:58:49.806] [jointLog] [info] Number of fragments discarded because they are best-mapped to decoys : 0
[2026-05-08 18:58:49.806] [jointLog] [info] Number of fragments discarded because they have only dovetail (discordant) mappings to valid targets : 64409
[2026-05-08 18:58:49.806] [jointLog] [info] Mapping rate = 93.9469%

[2026-05-08 18:58:49.806] [jointLog] [info] finished quantifyLibrary()
[2026-05-08 18:58:49.818] [jointLog] [info] Starting optimizer
[2026-05-08 18:58:50.717] [jointLog] [info] Marked 0 weighted equivalence classes as degenerate
[2026-05-08 18:58:50.814] [jointLog] [info] iteration = 0 | max rel diff. = 4902.99
[2026-05-08 18:58:57.970] [jointLog] [info] iteration = 100 | max rel diff. = 15.617
[2026-05-08 18:59:02.141] [jointLog] [info] iteration = 200 | max rel diff. = 14.4466
[2026-05-08 18:59:07.296] [jointLog] [info] iteration = 300 | max rel diff. = 2.29871
[2026-05-08 18:59:14.837] [jointLog] [info] iteration = 400 | max rel diff. = 17.4677
[2026-05-08 18:59:21.663] [jointLog] [info] iteration = 500 | max rel diff. = 1.045
[2026-05-08 18:59:27.849] [jointLog] [info] iteration = 600 | max rel diff. = 4.908
[2026-05-08 18:59:31.383] [jointLog] [info] iteration = 700 | max rel diff. = 0.755071
[2026-05-08 18:59:37.067] [jointLog] [info] iteration = 800 | max rel diff. = 0.153144
[2026-05-08 18:59:41.921] [jointLog] [info] iteration = 900 | max rel diff. = 0.573325
[2026-05-08 18:59:51.795] [jointLog] [info] iteration = 1000 | max rel diff. = 0.0939539
[2026-05-08 18:59:58.231] [jointLog] [info] iteration = 1100 | max rel diff. = 1.32322
[2026-05-08 19:00:01.668] [jointLog] [info] iteration = 1200 | max rel diff. = 0.112931
[2026-05-08 19:00:05.901] [jointLog] [info] iteration = 1300 | max rel diff. = 0.0210069
[2026-05-08 19:00:10.868] [jointLog] [info] iteration = 1400 | max rel diff. = 0.199096
[2026-05-08 19:00:15.440] [jointLog] [info] iteration = 1500 | max rel diff. = 0.160313
[2026-05-08 19:00:16.725] [jointLog] [info] iteration = 1529 | max rel diff. = 0.00695066
[2026-05-08 19:00:16.745] [jointLog] [info] Finished optimizer
[2026-05-08 19:00:16.745] [jointLog] [info] writing output 

