[2026-05-06 01:38:33.946] [jointLog] [info] setting maxHashResizeThreads to 4
[2026-05-06 01:38:33.946] [jointLog] [info] Fragment incompatibility prior below threshold.  Incompatible fragments will be ignored.
[2026-05-06 01:38:33.946] [jointLog] [info] Usage of --validateMappings implies use of minScoreFraction. Since not explicitly specified, it is being set to 0.65
[2026-05-06 01:38:33.946] [jointLog] [info] Setting consensusSlack to selective-alignment default of 0.35.
[2026-05-06 01:38:33.946] [jointLog] [info] parsing read library format
[2026-05-06 01:38:33.947] [jointLog] [info] There is 1 library.
[2026-05-06 01:38:33.948] [jointLog] [info] Loading pufferfish index
[2026-05-06 01:38:33.949] [jointLog] [info] Loading dense pufferfish index.
[2026-05-06 01:38:36.781] [jointLog] [info] done
[2026-05-06 01:38:37.089] [jointLog] [info] Index contained 251955 targets
[2026-05-06 01:38:37.303] [jointLog] [info] Number of decoys : 0
[2026-05-06 01:38:37.974] [jointLog] [info] Automatically detected most likely library type as ISR

[2026-05-06 01:49:26.434] [jointLog] [info] Thread saw mini-batch with a maximum of 99.72% zero probability fragments
[2026-05-06 01:49:26.472] [jointLog] [info] Thread saw mini-batch with a maximum of 99.88% zero probability fragments
[2026-05-06 01:49:26.479] [jointLog] [info] Thread saw mini-batch with a maximum of 99.92% zero probability fragments
[2026-05-06 01:49:26.500] [jointLog] [info] Thread saw mini-batch with a maximum of 99.92% zero probability fragments
[2026-05-06 01:49:27.247] [jointLog] [info] Computed 837284 rich equivalence classes for further processing
[2026-05-06 01:49:27.247] [jointLog] [info] Counted 37849992 total reads in the equivalence classes 
[2026-05-06 01:49:27.251] [jointLog] [info] Number of mappings discarded because of alignment score : 20619191
[2026-05-06 01:49:27.251] [jointLog] [info] Number of fragments entirely discarded because of alignment score : 1487699
[2026-05-06 01:49:27.251] [jointLog] [info] Number of fragments discarded because they are best-mapped to decoys : 0
[2026-05-06 01:49:27.251] [jointLog] [info] Number of fragments discarded because they have only dovetail (discordant) mappings to valid targets : 100999
[2026-05-06 01:49:27.251] [jointLog] [info] Mapping rate = 90.0243%

[2026-05-06 01:49:27.251] [jointLog] [info] finished quantifyLibrary()
[2026-05-06 01:49:27.255] [jointLog] [info] Starting optimizer
[2026-05-06 01:49:27.247] [fileLog] [info] 
At end of round 0
==================
Observed 42044187 total fragments (42044187 in most recent round)

[2026-05-06 01:49:27.529] [jointLog] [info] Marked 0 weighted equivalence classes as degenerate
[2026-05-06 01:49:27.591] [jointLog] [info] iteration = 0 | max rel diff. = 3649.47
[2026-05-06 01:49:33.033] [jointLog] [info] iteration = 100 | max rel diff. = 19.6836
[2026-05-06 01:49:39.429] [jointLog] [info] iteration = 200 | max rel diff. = 13.3386
[2026-05-06 01:49:46.652] [jointLog] [info] iteration = 300 | max rel diff. = 14.6671
[2026-05-06 01:49:53.133] [jointLog] [info] iteration = 400 | max rel diff. = 14.8425
[2026-05-06 01:49:59.814] [jointLog] [info] iteration = 500 | max rel diff. = 8.56777
[2026-05-06 01:50:05.447] [jointLog] [info] iteration = 600 | max rel diff. = 0.802246
[2026-05-06 01:50:11.841] [jointLog] [info] iteration = 700 | max rel diff. = 0.417613
[2026-05-06 01:50:18.539] [jointLog] [info] iteration = 800 | max rel diff. = 0.0561152
[2026-05-06 01:50:24.909] [jointLog] [info] iteration = 900 | max rel diff. = 0.452325
[2026-05-06 01:50:30.458] [jointLog] [info] iteration = 1000 | max rel diff. = 0.19955
[2026-05-06 01:50:37.261] [jointLog] [info] iteration = 1100 | max rel diff. = 0.0182916
[2026-05-06 01:50:43.749] [jointLog] [info] iteration = 1200 | max rel diff. = 0.302892
[2026-05-06 01:50:50.464] [jointLog] [info] iteration = 1300 | max rel diff. = 0.0715464
[2026-05-06 01:50:56.885] [jointLog] [info] iteration = 1400 | max rel diff. = 0.22761
[2026-05-06 01:51:02.160] [jointLog] [info] iteration = 1500 | max rel diff. = 0.634402
[2026-05-06 01:51:08.898] [jointLog] [info] iteration = 1600 | max rel diff. = 0.0295025
[2026-05-06 01:51:15.339] [jointLog] [info] iteration = 1700 | max rel diff. = 0.064905
[2026-05-06 01:51:22.118] [jointLog] [info] iteration = 1800 | max rel diff. = 0.725356
[2026-05-06 01:51:29.545] [jointLog] [info] iteration = 1900 | max rel diff. = 0.329746
[2026-05-06 01:51:31.379] [jointLog] [info] iteration = 1928 | max rel diff. = 0.00838376
[2026-05-06 01:51:31.389] [jointLog] [info] Finished optimizer
[2026-05-06 01:51:31.389] [jointLog] [info] writing output 

