[2026-05-08 00:54:23.015] [jointLog] [info] setting maxHashResizeThreads to 4
[2026-05-08 00:54:23.015] [jointLog] [info] Fragment incompatibility prior below threshold.  Incompatible fragments will be ignored.
[2026-05-08 00:54:23.015] [jointLog] [info] Usage of --validateMappings implies use of minScoreFraction. Since not explicitly specified, it is being set to 0.65
[2026-05-08 00:54:23.015] [jointLog] [info] Setting consensusSlack to selective-alignment default of 0.35.
[2026-05-08 00:54:23.015] [jointLog] [info] parsing read library format
[2026-05-08 00:54:23.017] [jointLog] [info] There is 1 library.
[2026-05-08 00:54:23.019] [jointLog] [info] Loading pufferfish index
[2026-05-08 00:54:23.027] [jointLog] [info] Loading dense pufferfish index.
[2026-05-08 00:54:29.912] [jointLog] [info] done
[2026-05-08 00:54:30.268] [jointLog] [info] Index contained 251955 targets
[2026-05-08 00:54:30.785] [jointLog] [info] Number of decoys : 0
[2026-05-08 00:54:31.911] [jointLog] [info] Automatically detected most likely library type as ISR

[2026-05-08 01:03:30.947] [jointLog] [info] Thread saw mini-batch with a maximum of 99.88% zero probability fragments
[2026-05-08 01:03:31.023] [jointLog] [info] Thread saw mini-batch with a maximum of 99.88% zero probability fragments
[2026-05-08 01:03:31.060] [jointLog] [info] Thread saw mini-batch with a maximum of 100.00% zero probability fragments
[2026-05-08 01:03:31.084] [jointLog] [info] Thread saw mini-batch with a maximum of 99.80% zero probability fragments
[2026-05-08 01:03:31.944] [jointLog] [info] Computed 640212 rich equivalence classes for further processing
[2026-05-08 01:03:31.945] [jointLog] [info] Counted 27633169 total reads in the equivalence classes 
[2026-05-08 01:03:31.947] [jointLog] [info] Number of mappings discarded because of alignment score : 15136571
[2026-05-08 01:03:31.947] [jointLog] [info] Number of fragments entirely discarded because of alignment score : 783872
[2026-05-08 01:03:31.947] [jointLog] [info] Number of fragments discarded because they are best-mapped to decoys : 0
[2026-05-08 01:03:31.947] [jointLog] [info] Number of fragments discarded because they have only dovetail (discordant) mappings to valid targets : 68335
[2026-05-08 01:03:31.948] [jointLog] [info] Mapping rate = 91.6455%

[2026-05-08 01:03:31.948] [jointLog] [info] finished quantifyLibrary()
[2026-05-08 01:03:31.952] [jointLog] [info] Starting optimizer
[2026-05-08 01:03:32.173] [jointLog] [info] Marked 0 weighted equivalence classes as degenerate
[2026-05-08 01:03:32.221] [jointLog] [info] iteration = 0 | max rel diff. = 4888.36
[2026-05-08 01:03:31.945] [fileLog] [info] 
At end of round 0
==================
Observed 30152236 total fragments (30152236 in most recent round)

[2026-05-08 01:03:37.134] [jointLog] [info] iteration = 100 | max rel diff. = 20.798
[2026-05-08 01:03:42.289] [jointLog] [info] iteration = 200 | max rel diff. = 13.2997
[2026-05-08 01:03:47.777] [jointLog] [info] iteration = 300 | max rel diff. = 1.61463
[2026-05-08 01:03:52.676] [jointLog] [info] iteration = 400 | max rel diff. = 2.48475
[2026-05-08 01:03:57.761] [jointLog] [info] iteration = 500 | max rel diff. = 19.1762
[2026-05-08 01:04:03.288] [jointLog] [info] iteration = 600 | max rel diff. = 0.44133
[2026-05-08 01:04:08.417] [jointLog] [info] iteration = 700 | max rel diff. = 0.239162
[2026-05-08 01:04:13.317] [jointLog] [info] iteration = 800 | max rel diff. = 3.32464
[2026-05-08 01:04:18.581] [jointLog] [info] iteration = 900 | max rel diff. = 0.0743638
[2026-05-08 01:04:25.523] [jointLog] [info] iteration = 1000 | max rel diff. = 0.0259077
[2026-05-08 01:04:30.778] [jointLog] [info] iteration = 1100 | max rel diff. = 0.452434
[2026-05-08 01:04:36.229] [jointLog] [info] iteration = 1200 | max rel diff. = 0.0193988
[2026-05-08 01:04:43.704] [jointLog] [info] iteration = 1300 | max rel diff. = 0.610276
[2026-05-08 01:04:49.233] [jointLog] [info] iteration = 1400 | max rel diff. = 0.229915
[2026-05-08 01:04:54.801] [jointLog] [info] iteration = 1500 | max rel diff. = 0.0364061
[2026-05-08 01:04:58.081] [jointLog] [info] iteration = 1544 | max rel diff. = 0.00760653
[2026-05-08 01:04:58.247] [jointLog] [info] Finished optimizer
[2026-05-08 01:04:58.247] [jointLog] [info] writing output 

