[2026-05-09 23:27:46.545] [jointLog] [info] setting maxHashResizeThreads to 4
[2026-05-09 23:27:46.545] [jointLog] [info] Fragment incompatibility prior below threshold.  Incompatible fragments will be ignored.
[2026-05-09 23:27:46.545] [jointLog] [info] Usage of --validateMappings implies use of minScoreFraction. Since not explicitly specified, it is being set to 0.65
[2026-05-09 23:27:46.545] [jointLog] [info] Setting consensusSlack to selective-alignment default of 0.35.
[2026-05-09 23:27:46.545] [jointLog] [info] parsing read library format
[2026-05-09 23:27:46.547] [jointLog] [info] There is 1 library.
[2026-05-09 23:27:46.548] [jointLog] [info] Loading pufferfish index
[2026-05-09 23:27:46.549] [jointLog] [info] Loading dense pufferfish index.
[2026-05-09 23:27:50.003] [jointLog] [info] done
[2026-05-09 23:27:50.244] [jointLog] [info] Index contained 251955 targets
[2026-05-09 23:27:50.381] [jointLog] [info] Number of decoys : 0
[2026-05-09 23:27:50.867] [jointLog] [info] Automatically detected most likely library type as ISR

[2026-05-09 23:36:44.943] [jointLog] [info] Thread saw mini-batch with a maximum of 98.50% zero probability fragments
[2026-05-09 23:36:45.124] [jointLog] [info] Thread saw mini-batch with a maximum of 99.62% zero probability fragments
[2026-05-09 23:36:45.226] [jointLog] [info] Thread saw mini-batch with a maximum of 99.42% zero probability fragments
[2026-05-09 23:36:45.285] [jointLog] [info] Thread saw mini-batch with a maximum of 98.64% zero probability fragments
[2026-05-09 23:36:46.011] [fileLog] [info] 
At end of round 0
==================
Observed 39201664 total fragments (39201664 in most recent round)

[2026-05-09 23:36:46.010] [jointLog] [info] Computed 840153 rich equivalence classes for further processing
[2026-05-09 23:36:46.010] [jointLog] [info] Counted 36858722 total reads in the equivalence classes 
[2026-05-09 23:36:46.015] [jointLog] [info] Number of mappings discarded because of alignment score : 16933982
[2026-05-09 23:36:46.015] [jointLog] [info] Number of fragments entirely discarded because of alignment score : 665112
[2026-05-09 23:36:46.015] [jointLog] [info] Number of fragments discarded because they are best-mapped to decoys : 0
[2026-05-09 23:36:46.015] [jointLog] [info] Number of fragments discarded because they have only dovetail (discordant) mappings to valid targets : 100771
[2026-05-09 23:36:46.015] [jointLog] [info] Mapping rate = 94.0234%

[2026-05-09 23:36:46.015] [jointLog] [info] finished quantifyLibrary()
[2026-05-09 23:36:46.016] [jointLog] [info] Starting optimizer
[2026-05-09 23:36:46.285] [jointLog] [info] Marked 0 weighted equivalence classes as degenerate
[2026-05-09 23:36:46.346] [jointLog] [info] iteration = 0 | max rel diff. = 3842.3
[2026-05-09 23:36:52.937] [jointLog] [info] iteration = 100 | max rel diff. = 20.0596
[2026-05-09 23:36:59.333] [jointLog] [info] iteration = 200 | max rel diff. = 5.18104
[2026-05-09 23:37:05.820] [jointLog] [info] iteration = 300 | max rel diff. = 4.65932
[2026-05-09 23:37:12.495] [jointLog] [info] iteration = 400 | max rel diff. = 1.68521
[2026-05-09 23:37:18.956] [jointLog] [info] iteration = 500 | max rel diff. = 0.799228
[2026-05-09 23:37:26.646] [jointLog] [info] iteration = 600 | max rel diff. = 1.00331
[2026-05-09 23:37:33.421] [jointLog] [info] iteration = 700 | max rel diff. = 0.261396
[2026-05-09 23:37:39.913] [jointLog] [info] iteration = 800 | max rel diff. = 0.0478142
[2026-05-09 23:37:46.571] [jointLog] [info] iteration = 900 | max rel diff. = 0.0211401
[2026-05-09 23:37:52.960] [jointLog] [info] iteration = 1000 | max rel diff. = 0.03605
[2026-05-09 23:37:59.918] [jointLog] [info] iteration = 1100 | max rel diff. = 0.0335056
[2026-05-09 23:38:06.529] [jointLog] [info] iteration = 1200 | max rel diff. = 0.987248
[2026-05-09 23:38:12.951] [jointLog] [info] iteration = 1300 | max rel diff. = 0.0559958
[2026-05-09 23:38:14.232] [jointLog] [info] iteration = 1320 | max rel diff. = 0.00954149
[2026-05-09 23:38:14.242] [jointLog] [info] Finished optimizer
[2026-05-09 23:38:14.242] [jointLog] [info] writing output 

