[2026-05-09 21:42:51.745] [jointLog] [info] setting maxHashResizeThreads to 4
[2026-05-09 21:42:51.745] [jointLog] [info] Fragment incompatibility prior below threshold.  Incompatible fragments will be ignored.
[2026-05-09 21:42:51.745] [jointLog] [info] Usage of --validateMappings implies use of minScoreFraction. Since not explicitly specified, it is being set to 0.65
[2026-05-09 21:42:51.745] [jointLog] [info] Setting consensusSlack to selective-alignment default of 0.35.
[2026-05-09 21:42:51.745] [jointLog] [info] parsing read library format
[2026-05-09 21:42:51.746] [jointLog] [info] There is 1 library.
[2026-05-09 21:42:51.749] [jointLog] [info] Loading pufferfish index
[2026-05-09 21:42:51.752] [jointLog] [info] Loading dense pufferfish index.
[2026-05-09 21:42:54.655] [jointLog] [info] done
[2026-05-09 21:42:54.774] [jointLog] [info] Index contained 251955 targets
[2026-05-09 21:42:54.907] [jointLog] [info] Number of decoys : 0
[2026-05-09 21:42:55.464] [jointLog] [info] Automatically detected most likely library type as ISR

[2026-05-09 21:53:31.158] [jointLog] [info] Thread saw mini-batch with a maximum of 99.92% zero probability fragments
[2026-05-09 21:53:31.205] [jointLog] [info] Thread saw mini-batch with a maximum of 99.70% zero probability fragments
[2026-05-09 21:53:31.350] [jointLog] [info] Thread saw mini-batch with a maximum of 99.96% zero probability fragments
[2026-05-09 21:53:31.486] [jointLog] [info] Thread saw mini-batch with a maximum of 99.70% zero probability fragments
[2026-05-09 21:53:32.182] [jointLog] [info] Computed 803258 rich equivalence classes for further processing
[2026-05-09 21:53:32.182] [jointLog] [info] Counted 42002007 total reads in the equivalence classes 
[2026-05-09 21:53:32.187] [jointLog] [info] Number of mappings discarded because of alignment score : 21749759
[2026-05-09 21:53:32.187] [jointLog] [info] Number of fragments entirely discarded because of alignment score : 752213
[2026-05-09 21:53:32.187] [jointLog] [info] Number of fragments discarded because they are best-mapped to decoys : 0
[2026-05-09 21:53:32.187] [jointLog] [info] Number of fragments discarded because they have only dovetail (discordant) mappings to valid targets : 96944
[2026-05-09 21:53:32.187] [jointLog] [info] Mapping rate = 94.068%

[2026-05-09 21:53:32.187] [jointLog] [info] finished quantifyLibrary()
[2026-05-09 21:53:32.187] [jointLog] [info] Starting optimizer
[2026-05-09 21:53:32.183] [fileLog] [info] 
At end of round 0
==================
Observed 44650708 total fragments (44650708 in most recent round)

[2026-05-09 21:53:32.497] [jointLog] [info] Marked 0 weighted equivalence classes as degenerate
[2026-05-09 21:53:32.581] [jointLog] [info] iteration = 0 | max rel diff. = 2663.8
[2026-05-09 21:53:39.635] [jointLog] [info] iteration = 100 | max rel diff. = 19.9501
[2026-05-09 21:53:47.101] [jointLog] [info] iteration = 200 | max rel diff. = 9.06686
[2026-05-09 21:53:53.180] [jointLog] [info] iteration = 300 | max rel diff. = 9.33955
[2026-05-09 21:53:59.708] [jointLog] [info] iteration = 400 | max rel diff. = 0.998729
[2026-05-09 21:54:06.276] [jointLog] [info] iteration = 500 | max rel diff. = 0.659747
[2026-05-09 21:54:12.255] [jointLog] [info] iteration = 600 | max rel diff. = 2.04278
[2026-05-09 21:54:18.562] [jointLog] [info] iteration = 700 | max rel diff. = 0.667507
[2026-05-09 21:54:24.613] [jointLog] [info] iteration = 800 | max rel diff. = 1.24431
[2026-05-09 21:54:30.880] [jointLog] [info] iteration = 900 | max rel diff. = 0.144614
[2026-05-09 21:54:36.891] [jointLog] [info] iteration = 1000 | max rel diff. = 3.1888
[2026-05-09 21:54:42.872] [jointLog] [info] iteration = 1100 | max rel diff. = 2.44472
[2026-05-09 21:54:49.150] [jointLog] [info] iteration = 1200 | max rel diff. = 0.415388
[2026-05-09 21:54:55.219] [jointLog] [info] iteration = 1300 | max rel diff. = 0.226459
[2026-05-09 21:55:01.326] [jointLog] [info] iteration = 1400 | max rel diff. = 0.0916013
[2026-05-09 21:55:07.438] [jointLog] [info] iteration = 1500 | max rel diff. = 0.0299629
[2026-05-09 21:55:09.716] [jointLog] [info] iteration = 1534 | max rel diff. = 0.00475972
[2026-05-09 21:55:09.727] [jointLog] [info] Finished optimizer
[2026-05-09 21:55:09.727] [jointLog] [info] writing output 

